// Jest Snapshot v1, https://goo.gl/fbAQLP

exports[`it should generate site.json file that matches pages folder structure 1`] = `"{\\"title\\":\\"front-matter-site\\",\\"index\\":{\\"description\\":\\"Index.\\",\\"title\\":\\"Index\\",\\"weight\\":1,\\"content\\":\\"\\",\\"srcFilePath\\":\\"src/pages/index.soy\\",\\"id\\":\\"pages\\",\\"location\\":\\"/./\\",\\"url\\":\\"/./\\",\\"children\\":{\\"page1\\":{\\"description\\":\\"Page1.\\",\\"title\\":\\"Page1\\",\\"weight\\":5,\\"content\\":\\"\\",\\"srcFilePath\\":\\"src/pages/page1.soy\\",\\"id\\":\\"page1\\",\\"location\\":\\"/page1.html\\",\\"url\\":\\"/page1.html\\"},\\"page2\\":{\\"description\\":\\"Page2.\\",\\"title\\":\\"Page2\\",\\"weight\\":4,\\"content\\":\\"\\",\\"srcFilePath\\":\\"src/pages/page2.soy\\",\\"id\\":\\"page2\\",\\"location\\":\\"/page2.html\\",\\"url\\":\\"/page2.html\\"},\\"page3\\":{\\"description\\":\\"Page3.\\",\\"title\\":\\"Page3\\",\\"weight\\":3,\\"content\\":\\"\\",\\"srcFilePath\\":\\"src/pages/page3.soy\\",\\"id\\":\\"page3\\",\\"location\\":\\"/page3.html\\",\\"url\\":\\"/page3.html\\"},\\"page4\\":{\\"description\\":\\"Page4.\\",\\"title\\":\\"Page4\\",\\"weight\\":2,\\"content\\":\\"\\",\\"srcFilePath\\":\\"src/pages/page4.soy\\",\\"id\\":\\"page4\\",\\"location\\":\\"/page4.html\\",\\"url\\":\\"/page4.html\\"},\\"child1\\":{\\"description\\":\\"Child1.\\",\\"title\\":\\"Child1\\",\\"weight\\":1,\\"content\\":\\"\\",\\"srcFilePath\\":\\"src/pages/child1/index.soy\\",\\"id\\":\\"child1\\",\\"location\\":\\"/child1/\\",\\"url\\":\\"/child1/\\",\\"children\\":{\\"page1\\":{\\"description\\":\\"Child1 Page1.\\",\\"title\\":\\"Child1 Page1\\",\\"weight\\":2,\\"content\\":\\"\\",\\"srcFilePath\\":\\"src/pages/child1/page1.soy\\",\\"id\\":\\"page1\\",\\"location\\":\\"/child1/page1.html\\",\\"url\\":\\"/child1/page1.html\\"},\\"page2\\":{\\"description\\":\\"Child1 Page2.\\",\\"title\\":\\"Child1 Page2\\",\\"weight\\":4,\\"content\\":\\"\\",\\"srcFilePath\\":\\"src/pages/child1/page2.soy\\",\\"id\\":\\"page2\\",\\"location\\":\\"/child1/page2.html\\",\\"url\\":\\"/child1/page2.html\\"},\\"page3\\":{\\"description\\":\\"Child1 Page3.\\",\\"title\\":\\"Child1 Page3\\",\\"weight\\":3,\\"content\\":\\"\\",\\"srcFilePath\\":\\"src/pages/child1/page3.soy\\",\\"id\\":\\"page3\\",\\"location\\":\\"/child1/page3.html\\",\\"url\\":\\"/child1/page3.html\\"},\\"page4\\":{\\"description\\":\\"Child1 Page4.\\",\\"title\\":\\"Child1 Page4\\",\\"weight\\":5,\\"content\\":\\"\\",\\"srcFilePath\\":\\"src/pages/child1/page4.soy\\",\\"id\\":\\"page4\\",\\"location\\":\\"/child1/page4.html\\",\\"url\\":\\"/child1/page4.html\\"},\\"child2\\":{\\"description\\":\\"Child2.\\",\\"title\\":\\"Child2\\",\\"content\\":\\"\\",\\"srcFilePath\\":\\"src/pages/child1/child2/index.soy\\",\\"id\\":\\"child2\\",\\"location\\":\\"/child1/child2/\\",\\"url\\":\\"/child1/child2/\\",\\"children\\":{\\"page1\\":{\\"description\\":\\"Child2 Page1.\\",\\"title\\":\\"Child2 Page1\\",\\"content\\":\\"\\",\\"srcFilePath\\":\\"src/pages/child1/child2/page1.soy\\",\\"id\\":\\"page1\\",\\"location\\":\\"/child1/child2/page1.html\\",\\"url\\":\\"/child1/child2/page1.html\\"},\\"page2\\":{\\"description\\":\\"Child2 Page2.\\",\\"title\\":\\"Child2 Page2\\",\\"content\\":\\"\\",\\"srcFilePath\\":\\"src/pages/child1/child2/page2.soy\\",\\"id\\":\\"page2\\",\\"location\\":\\"/child1/child2/page2.html\\",\\"url\\":\\"/child1/child2/page2.html\\"}},\\"childIds\\":[\\"page1\\",\\"page2\\"]}},\\"childIds\\":[\\"page1\\",\\"page3\\",\\"page2\\",\\"page4\\",\\"child2\\"]}},\\"childIds\\":[\\"child1\\",\\"page4\\",\\"page3\\",\\"page2\\",\\"page1\\"]}}"`;
